Dump	== SuSEfirewall2 service ==
Return	false
Return	false
Return	nil
Return	nil
Return	true
Return	true
Dump	
Dump	== Read/Write ==
Return	true
Return	true
Dump	
Dump	== Import/Export ==
Return	nil
Return	$["FW_ALLOW_FW_BROADCAST_DMZ":"no", "FW_ALLOW_FW_BROADCAST_EXT":"no", "FW_ALLOW_FW_BROADCAST_INT":"no", "FW_BOOT_FULL_INIT":"no", "FW_CONFIGURATIONS_DMZ":"aaa-bbb", "FW_CONFIGURATIONS_EXT":"aaa-bbb ab-ab-ab aa-aa-aa bb-bb-bb", "FW_CONFIGURATIONS_INT":"", "FW_DEV_DMZ":"", "FW_DEV_EXT":"eth6 special-string eth8", "FW_DEV_INT":"dsl0", "FW_FORWARD_ALWAYS_INOUT_DEV":"", "FW_FORWARD_MASQ":"", "FW_IGNORE_FW_BROADCAST_DMZ":"no", "FW_IGNORE_FW_BROADCAST_EXT":"yes", "FW_IGNORE_FW_BROADCAST_INT":"no", "FW_IPSEC_TRUST":"no", "FW_LOAD_MODULES":"\n\n\n", "FW_LOG_ACCEPT_ALL":"no", "FW_LOG_ACCEPT_CRIT":"yes", "FW_LOG_DROP_ALL":"no", "FW_LOG_DROP_CRIT":"yes", "FW_MASQUERADE":"no", "FW_PROTECT_FROM_INT":"no", "FW_ROUTE":"no", "FW_SERVICES_ACCEPT_DMZ":"", "FW_SERVICES_ACCEPT_EXT":"", "FW_SERVICES_ACCEPT_INT":"", "FW_SERVICES_ACCEPT_RELATED_DMZ":"", "FW_SERVICES_ACCEPT_RELATED_EXT":"", "FW_SERVICES_ACCEPT_RELATED_INT":"", "FW_SERVICES_DMZ_IP":"", "FW_SERVICES_DMZ_RPC":"", "FW_SERVICES_DMZ_TCP":"", "FW_SERVICES_DMZ_UDP":"", "FW_SERVICES_EXT_IP":"", "FW_SERVICES_EXT_RPC":"", "FW_SERVICES_EXT_TCP":"", "FW_SERVICES_EXT_UDP":"", "FW_SERVICES_INT_IP":"", "FW_SERVICES_INT_RPC":"", "FW_SERVICES_INT_TCP":"", "FW_SERVICES_INT_UDP":"", "FW_STOP_KEEP_ROUTING_STATE":"no", "enable_firewall":false, "start_firewall":false]
Dump	
Dump	== Firewall behaviour ==
Return	["INT", "DMZ", "EXT"]
Dump	
Dump	== Interfaces Handling ==
Return	["eth6", "eth8"]
Return	nil
Return	nil
Return	["eth6", "eth8", "eth9"]
Return	["special-string", "undefined"]
Return	nil
Return	nil
Return	nil
Return	["eth8"]
Return	["eth9"]
Return	["special-string"]
Return	nil
Return	DMZ
Return	["DMZ", "INT"]
Dump	
Dump	== Logging settings ==
Return	CRIT
Return	CRIT
Return	nil
Return	nil
Return	ALL
Return	NONE
Return	no
Return	yes
Return	no
Return	nil
Return	nil
Return	nil
Return	yes
Return	no
Return	yes
Dump	
Dump	== Ports handling ==
Return	false
Return	true
Return	true
Return	true
Return	false
Dump	
Dump	== Broadcast handling ==
Return	$["DMZ":[], "EXT":[], "INT":[]]
Return	nil
Return	$["DMZ":["5", "3", "1"], "EXT":["22", "33", "44"], "INT":[]]
Dump	
Dump	== Masquerade handling ==
Return	false
Return	nil
Return	true
Dump	
Dump	== Service Stop / Start ==
Return	true
Return	true
Return	true
Return	true
Dump	
Dump	== Additional Kernel Modules ==
Return	[]
Return	nil
Return	["module_a", "module_b", "module_c"]
Return	nil
Return	["module_x", "module_y", "module_z"]
Return	nil
Return	["module_a", "module_b", "module_c", "module_x", "module_y", "module_z"]
